============================= test session starts ==============================
platform linux -- Python 3.13.12, pytest-9.0.2, pluggy-1.6.0 -- /home/sampad/Desktop/Projects/LEAPALL/.pixi/envs/default/bin/python3
cachedir: .pytest_cache
rootdir: /home/sampad/Desktop/Projects/LEAPALL/LEAP2
configfile: pyproject.toml
plugins: anyio-4.12.1
collecting ... collected 297 items

tests/api/test_api.py::TestHealth::test_health PASSED                    [  0%]
tests/api/test_api.py::TestHealth::test_health_version_format PASSED     [  0%]
tests/api/test_api.py::TestExperiments::test_list_experiments PASSED     [  1%]
tests/api/test_api.py::TestExperiments::test_experiment_metadata_shape PASSED [  1%]
tests/api/test_api.py::TestExperiments::test_functions_list PASSED       [  1%]
tests/api/test_api.py::TestExperiments::test_functions_list_has_add PASSED [  2%]
tests/api/test_api.py::TestExperiments::test_unknown_experiment_functions PASSED [  2%]
tests/api/test_api.py::TestExperiments::test_unknown_experiment_logs PASSED [  2%]
tests/api/test_api.py::TestExperiments::test_unknown_experiment_log_options PASSED [  3%]
tests/api/test_api.py::TestExperiments::test_unknown_experiment_call PASSED [  3%]
tests/api/test_api.py::TestExperiments::test_unknown_experiment_is_registered PASSED [  3%]
tests/api/test_api.py::TestAuth::test_login_success PASSED               [  4%]
tests/api/test_api.py::TestAuth::test_login_wrong_password PASSED        [  4%]
tests/api/test_api.py::TestAuth::test_admin_requires_auth PASSED         [  4%]
tests/api/test_api.py::TestAuth::test_all_admin_endpoints_require_auth PASSED [  5%]
tests/api/test_api.py::TestAuth::test_logout PASSED                      [  5%]
tests/api/test_api.py::TestAuth::test_public_endpoints_no_auth PASSED    [  5%]
tests/api/test_api.py::TestStudentAdmin::test_add_and_list_students PASSED [  6%]
tests/api/test_api.py::TestStudentAdmin::test_add_student_with_email PASSED [  6%]
tests/api/test_api.py::TestStudentAdmin::test_add_multiple_students PASSED [  6%]
tests/api/test_api.py::TestStudentAdmin::test_add_duplicate PASSED       [  7%]
tests/api/test_api.py::TestStudentAdmin::test_delete_student PASSED      [  7%]
tests/api/test_api.py::TestStudentAdmin::test_delete_nonexistent PASSED  [  7%]
tests/api/test_api.py::TestStudentAdmin::test_delete_cascades_logs PASSED [  8%]
tests/api/test_api.py::TestStudentAdmin::test_empty_student_list PASSED  [  8%]
tests/api/test_api.py::TestStudentAdmin::test_add_student_unknown_experiment PASSED [  8%]
tests/api/test_api.py::TestIsRegistered::test_not_registered PASSED      [  9%]
tests/api/test_api.py::TestIsRegistered::test_registered PASSED          [  9%]
tests/api/test_api.py::TestIsRegistered::test_after_delete PASSED        [  9%]
tests/api/test_api.py::TestRPC::test_call_function PASSED                [ 10%]
tests/api/test_api.py::TestRPC::test_call_add_function PASSED            [ 10%]
tests/api/test_api.py::TestRPC::test_call_with_trial PASSED              [ 10%]
tests/api/test_api.py::TestRPC::test_call_unregistered PASSED            [ 11%]
tests/api/test_api.py::TestRPC::test_call_unknown_function PASSED        [ 11%]
tests/api/test_api.py::TestRPC::test_call_response_shape PASSED          [ 11%]
tests/api/test_api.py::TestRPC::test_error_response_shape PASSED         [ 12%]
tests/api/test_api.py::TestRPC::test_multiple_calls PASSED               [ 12%]
tests/api/test_api.py::TestLogs::test_logs_empty PASSED                  [ 12%]
tests/api/test_api.py::TestLogs::test_logs_after_call PASSED             [ 13%]
tests/api/test_api.py::TestLogs::test_log_entry_shape PASSED             [ 13%]
tests/api/test_api.py::TestLogs::test_log_filter_by_student PASSED       [ 13%]
tests/api/test_api.py::TestLogs::test_log_filter_by_func_name PASSED     [ 14%]
tests/api/test_api.py::TestLogs::test_log_filter_by_trial PASSED         [ 14%]
tests/api/test_api.py::TestLogs::test_log_filter_unknown_func_name PASSED [ 14%]
tests/api/test_api.py::TestLogs::test_log_order_latest PASSED            [ 15%]
tests/api/test_api.py::TestLogs::test_log_order_earliest PASSED          [ 15%]
tests/api/test_api.py::TestLogs::test_log_limit_n PASSED                 [ 15%]
tests/api/test_api.py::TestLogs::test_log_cursor_pagination PASSED       [ 16%]
tests/api/test_api.py::TestLogs::test_log_combined_filters PASSED        [ 16%]
tests/api/test_api.py::TestLogs::test_log_options PASSED                 [ 16%]
tests/api/test_api.py::TestLogs::test_log_options_with_trials PASSED     [ 17%]
tests/api/test_api.py::TestLogs::test_log_options_empty PASSED           [ 17%]
tests/api/test_api.py::TestReloadFunctions::test_reload PASSED           [ 17%]
tests/api/test_api.py::TestReloadFunctions::test_reload_unknown_experiment PASSED [ 18%]
tests/api/test_api.py::TestDecoratorsViaAPI::test_noregcheck_allows_unregistered PASSED [ 18%]
tests/api/test_api.py::TestDecoratorsViaAPI::test_noregcheck_still_logged PASSED [ 18%]
tests/api/test_api.py::TestDecoratorsViaAPI::test_noregcheck_ping PASSED [ 19%]
tests/api/test_api.py::TestDecoratorsViaAPI::test_nolog_not_logged PASSED [ 19%]
tests/api/test_api.py::TestDecoratorsViaAPI::test_nolog_still_requires_registration PASSED [ 19%]
tests/api/test_api.py::TestDecoratorsViaAPI::test_logged_function_next_to_nolog PASSED [ 20%]
tests/api/test_api.py::TestDecoratorsViaAPI::test_mixed_calls_selective_logging PASSED [ 20%]
tests/api/test_api.py::TestDecoratorsViaAPI::test_all_functions_discoverable PASSED [ 20%]
tests/api/test_ui_serving.py::TestLandingPage::test_landing_returns_html PASSED [ 21%]
tests/api/test_ui_serving.py::TestLandingPage::test_landing_contains_leap2 PASSED [ 21%]
tests/api/test_ui_serving.py::TestLandingPage::test_landing_has_experiments_div PASSED [ 21%]
tests/api/test_ui_serving.py::TestLandingRedirect::test_redirect_when_default_experiment_set PASSED [ 22%]
tests/api/test_ui_serving.py::TestLandingRedirect::test_no_redirect_when_default_experiment_not_found PASSED [ 22%]
tests/api/test_ui_serving.py::TestLandingRedirect::test_no_redirect_when_default_experiment_empty PASSED [ 22%]
tests/api/test_ui_serving.py::TestLoginPage::test_login_page_returns_html PASSED [ 23%]
tests/api/test_ui_serving.py::TestLoginPage::test_login_page_has_form PASSED [ 23%]
tests/api/test_ui_serving.py::TestLoginPage::test_login_page_has_password_field PASSED [ 23%]
tests/api/test_ui_serving.py::TestSharedAssets::test_theme_css PASSED    [ 24%]
tests/api/test_ui_serving.py::TestSharedAssets::test_theme_css_content PASSED [ 24%]
tests/api/test_ui_serving.py::TestSharedAssets::test_nonexistent_shared_file PASSED [ 24%]
tests/api/test_ui_serving.py::TestExperimentUI::test_dashboard_html PASSED [ 25%]
tests/api/test_ui_serving.py::TestExperimentUI::test_dashboard_content PASSED [ 25%]
tests/api/test_ui_serving.py::TestExperimentUI::test_nonexistent_experiment_ui PASSED [ 25%]
tests/api/test_ui_serving.py::TestExperimentUI::test_nonexistent_file_in_experiment_ui PASSED [ 26%]
tests/api/test_ui_serving.py::TestStaticMountCoexistence::test_api_health_still_works PASSED [ 26%]
tests/api/test_ui_serving.py::TestStaticMountCoexistence::test_api_experiments_still_works PASSED [ 26%]
tests/api/test_ui_serving.py::TestStaticMountCoexistence::test_rpc_still_works PASSED [ 27%]
tests/api/test_ui_serving.py::TestStaticMountCoexistence::test_login_post_still_works PASSED [ 27%]
tests/api/test_ui_serving.py::TestStaticMountCoexistence::test_admin_routes_still_work PASSED [ 27%]
tests/cli/test_cli_phase2.py::TestInitProjectFn::test_creates_directories PASSED [ 28%]
tests/cli/test_cli_phase2.py::TestInitProjectFn::test_idempotent PASSED  [ 28%]
tests/cli/test_cli_phase2.py::TestInitProjectFn::test_creates_template_files PASSED [ 28%]
tests/cli/test_cli_phase2.py::TestInitProjectFn::test_does_not_overwrite_existing_files PASSED [ 29%]
tests/cli/test_cli_phase2.py::TestNewExperimentFn::test_creates_scaffold PASSED [ 29%]
tests/cli/test_cli_phase2.py::TestNewExperimentFn::test_readme_has_frontmatter PASSED [ 29%]
tests/cli/test_cli_phase2.py::TestNewExperimentFn::test_stub_function_file PASSED [ 30%]
tests/cli/test_cli_phase2.py::TestNewExperimentFn::test_rejects_invalid_name PASSED [ 30%]
tests/cli/test_cli_phase2.py::TestNewExperimentFn::test_rejects_uppercase PASSED [ 30%]
tests/cli/test_cli_phase2.py::TestNewExperimentFn::test_rejects_duplicate PASSED [ 31%]
tests/cli/test_cli_phase2.py::TestNewExperimentFn::test_name_with_hyphens_underscores PASSED [ 31%]
tests/cli/test_cli_phase2.py::TestNewExperimentFn::test_dashboard_references_experiment PASSED [ 31%]
tests/cli/test_cli_phase2.py::TestListExperimentsFn::test_lists_default PASSED [ 32%]
tests/cli/test_cli_phase2.py::TestListExperimentsFn::test_experiment_metadata_shape PASSED [ 32%]
tests/cli/test_cli_phase2.py::TestListExperimentsFn::test_includes_new_experiment PASSED [ 32%]
tests/cli/test_cli_phase2.py::TestListExperimentsFn::test_empty_experiments PASSED [ 33%]
tests/cli/test_cli_phase2.py::TestValidateExperimentFn::test_valid_experiment_all_ok PASSED [ 33%]
tests/cli/test_cli_phase2.py::TestValidateExperimentFn::test_invalid_name PASSED [ 34%]
tests/cli/test_cli_phase2.py::TestValidateExperimentFn::test_nonexistent_experiment PASSED [ 34%]
tests/cli/test_cli_phase2.py::TestValidateExperimentFn::test_missing_entry_point PASSED [ 34%]
tests/cli/test_cli_phase2.py::TestValidateExperimentFn::test_checks_readme_and_funcs PASSED [ 35%]
tests/cli/test_cli_phase2.py::TestShowConfigFn::test_returns_dict PASSED [ 35%]
tests/cli/test_cli_phase2.py::TestShowConfigFn::test_root_matches PASSED [ 35%]
tests/cli/test_cli_phase2.py::TestShowConfigFn::test_experiment_count PASSED [ 36%]
tests/cli/test_cli_phase2.py::TestShowConfigFn::test_credentials_status PASSED [ 36%]
tests/cli/test_cli_phase2.py::TestDoctorFn::test_all_ok_for_valid_setup PASSED [ 36%]
tests/cli/test_cli_phase2.py::TestDoctorFn::test_checks_python_version PASSED [ 37%]
tests/cli/test_cli_phase2.py::TestDoctorFn::test_checks_packages PASSED  [ 37%]
tests/cli/test_cli_phase2.py::TestDoctorFn::test_warns_on_missing_credentials PASSED [ 37%]
tests/cli/test_cli_phase2.py::TestDoctorFn::test_warns_on_missing_experiments PASSED [ 38%]
tests/cli/test_cli_phase2.py::TestInitCommand::test_init PASSED          [ 38%]
tests/cli/test_cli_phase2.py::TestInitCommand::test_init_idempotent PASSED [ 38%]
tests/cli/test_cli_phase2.py::TestNewCommand::test_new_experiment PASSED [ 39%]
tests/cli/test_cli_phase2.py::TestNewCommand::test_new_invalid_name PASSED [ 39%]
tests/cli/test_cli_phase2.py::TestNewCommand::test_new_duplicate PASSED  [ 39%]
tests/cli/test_cli_phase2.py::TestNewCommand::test_new_shows_next_steps PASSED [ 40%]
tests/cli/test_cli_phase2.py::TestListCommand::test_list_experiments PASSED [ 40%]
tests/cli/test_cli_phase2.py::TestListCommand::test_list_empty PASSED    [ 40%]
tests/cli/test_cli_phase2.py::TestListCommand::test_list_shows_multiple PASSED [ 41%]
tests/cli/test_cli_phase2.py::TestValidateCommand::test_validate_default PASSED [ 41%]
tests/cli/test_cli_phase2.py::TestValidateCommand::test_validate_nonexistent PASSED [ 41%]
tests/cli/test_cli_phase2.py::TestValidateCommand::test_validate_shows_checks PASSED [ 42%]
tests/cli/test_cli_phase2.py::TestConfigCommand::test_config_output PASSED [ 42%]
tests/cli/test_cli_phase2.py::TestConfigCommand::test_config_shows_experiment_count PASSED [ 42%]
tests/cli/test_cli_phase2.py::TestDoctorCommand::test_doctor_passes PASSED [ 43%]
tests/cli/test_cli_phase2.py::TestDoctorCommand::test_doctor_warns_without_credentials PASSED [ 43%]
tests/cli/test_cli_phase2.py::TestDoctorCommand::test_doctor_checks_python PASSED [ 43%]
tests/core/test_auth.py::TestPasswordHashing::test_hash_and_verify PASSED [ 44%]
tests/core/test_auth.py::TestPasswordHashing::test_hash_deterministic_with_salt PASSED [ 44%]
tests/core/test_auth.py::TestPasswordHashing::test_hash_different_salts PASSED [ 44%]
tests/core/test_auth.py::TestPasswordHashing::test_credential_structure PASSED [ 45%]
tests/core/test_auth.py::TestPasswordHashing::test_hash_long_password PASSED [ 45%]
tests/core/test_auth.py::TestPasswordHashing::test_hash_unicode_password PASSED [ 45%]
tests/core/test_auth.py::TestPasswordHashing::test_hash_single_char_password PASSED [ 46%]
tests/core/test_auth.py::TestPasswordHashing::test_verify_various_wrong_passwords PASSED [ 46%]
tests/core/test_auth.py::TestPasswordHashing::test_hash_hex_output PASSED [ 46%]
tests/core/test_auth.py::TestCredentialIO::test_save_and_load PASSED     [ 47%]
tests/core/test_auth.py::TestCredentialIO::test_load_missing PASSED      [ 47%]
tests/core/test_auth.py::TestCredentialIO::test_save_creates_config_dir PASSED [ 47%]
tests/core/test_auth.py::TestCredentialIO::test_save_overwrites PASSED   [ 48%]
tests/core/test_auth.py::TestCredentialIO::test_saved_file_is_valid_json PASSED [ 48%]
tests/core/test_auth.py::TestEnsureCredentials::test_existing_credentials_noop PASSED [ 48%]
tests/core/test_auth.py::TestEnsureCredentials::test_env_password_creates_credentials PASSED [ 49%]
tests/core/test_auth.py::TestEnsureCredentials::test_no_credentials_no_env_no_tty_fails PASSED [ 49%]
tests/core/test_auth.py::TestEnsureCredentials::test_env_mismatch_warns 